Finding ids...
Finding id_type halo_id
Finding id_type host_halo_id
Finding id_type gal_id
Finding id_type host_gal_id
Finding id_type mt_halo_id
Finding id_type mt_gal_id
Finding id_type d_gal
Finding id_type d_other_gal_scaled
Snapshot 550 | redshift  0.0698 | done in 0.718 seconds
PID 16286 finishing, PPID 16240.
